{
  "version": "V5",
  "header_type": "Schema",
  "header": {
    "endianness": "Little",
    "fields": [

    ]
  },
  "bodyLength": 0
}
