{
  "version": "V5",
  "header_type": "RecordBatch",
  "header": {
    "length": 5,
    "nodes": [

    ],
    "buffers": [

    ]
  },
  "bodyLength": 1000
}
