{ "header":
  { "tag": "MessageHeaderSchema"
  , "contents":
    { "endianness": 0
    , "fields": []
    }
  }
, "bodyLength": 0
}

