{ "header":
  { "tag": "MessageHeaderRecordBatch"
  , "contents":
    { "length": 5
    , "nodes":
      [ { "length": 100
        , "nullCount": 0
        }
      , { "length": 100
        , "nullCount": 5
        }
      ]
    , "buffers":
      [ { "offset": 0
        , "length": 0
        }
      , { "offset": 0
        , "length": 800
        }
      , { "offset": 800
        , "length": 400
        }
      ]
    }
  }
, "bodyLength": 1000
}


