{ "header":
  { "tag": "MessageHeaderRecordBatch"
  , "contents":
    { "length": 5
    , "nodes": []
    , "buffers": []
    }
  }
, "bodyLength": 1000
}
